###############################################################################
#
# IAR ELF Linker V8.32.2.178/W32 for ARM                  19/Apr/2019  15:40:38
# Copyright 2007-2018 IAR Systems AB.
#
#    Output file  =  
#        L:\Classes\MicroProcessor
#        Apps\Projects\ThatMemeyBoi\Microcontroller-FinalProject\EWARM\pwmtry\Exe\pwmtry.out
#    Map file     =  
#        L:\Classes\MicroProcessor
#        Apps\Projects\ThatMemeyBoi\Microcontroller-FinalProject\EWARM\pwmtry\List\pwmtry.map
#    Command line =  
#        -f C:\Users\chris\AppData\Local\Temp\EW2B91.tmp
#        ("L:\Classes\MicroProcessor
#        Apps\Projects\ThatMemeyBoi\Microcontroller-FinalProject\EWARM\pwmtry\Obj\main.o"
#        "L:\Classes\MicroProcessor
#        Apps\Projects\ThatMemeyBoi\Microcontroller-FinalProject\EWARM\pwmtry\Obj\startup_stm32f429xx.o"
#        "L:\Classes\MicroProcessor
#        Apps\Projects\ThatMemeyBoi\Microcontroller-FinalProject\EWARM\pwmtry\Obj\stm32f4xx_hal.o"
#        "L:\Classes\MicroProcessor
#        Apps\Projects\ThatMemeyBoi\Microcontroller-FinalProject\EWARM\pwmtry\Obj\stm32f4xx_hal_cortex.o"
#        "L:\Classes\MicroProcessor
#        Apps\Projects\ThatMemeyBoi\Microcontroller-FinalProject\EWARM\pwmtry\Obj\stm32f4xx_hal_dma.o"
#        "L:\Classes\MicroProcessor
#        Apps\Projects\ThatMemeyBoi\Microcontroller-FinalProject\EWARM\pwmtry\Obj\stm32f4xx_hal_dma_ex.o"
#        "L:\Classes\MicroProcessor
#        Apps\Projects\ThatMemeyBoi\Microcontroller-FinalProject\EWARM\pwmtry\Obj\stm32f4xx_hal_flash.o"
#        "L:\Classes\MicroProcessor
#        Apps\Projects\ThatMemeyBoi\Microcontroller-FinalProject\EWARM\pwmtry\Obj\stm32f4xx_hal_flash_ex.o"
#        "L:\Classes\MicroProcessor
#        Apps\Projects\ThatMemeyBoi\Microcontroller-FinalProject\EWARM\pwmtry\Obj\stm32f4xx_hal_flash_ramfunc.o"
#        "L:\Classes\MicroProcessor
#        Apps\Projects\ThatMemeyBoi\Microcontroller-FinalProject\EWARM\pwmtry\Obj\stm32f4xx_hal_gpio.o"
#        "L:\Classes\MicroProcessor
#        Apps\Projects\ThatMemeyBoi\Microcontroller-FinalProject\EWARM\pwmtry\Obj\stm32f4xx_hal_msp.o"
#        "L:\Classes\MicroProcessor
#        Apps\Projects\ThatMemeyBoi\Microcontroller-FinalProject\EWARM\pwmtry\Obj\stm32f4xx_hal_pwr.o"
#        "L:\Classes\MicroProcessor
#        Apps\Projects\ThatMemeyBoi\Microcontroller-FinalProject\EWARM\pwmtry\Obj\stm32f4xx_hal_pwr_ex.o"
#        "L:\Classes\MicroProcessor
#        Apps\Projects\ThatMemeyBoi\Microcontroller-FinalProject\EWARM\pwmtry\Obj\stm32f4xx_hal_rcc.o"
#        "L:\Classes\MicroProcessor
#        Apps\Projects\ThatMemeyBoi\Microcontroller-FinalProject\EWARM\pwmtry\Obj\stm32f4xx_hal_rcc_ex.o"
#        "L:\Classes\MicroProcessor
#        Apps\Projects\ThatMemeyBoi\Microcontroller-FinalProject\EWARM\pwmtry\Obj\stm32f4xx_hal_tim.o"
#        "L:\Classes\MicroProcessor
#        Apps\Projects\ThatMemeyBoi\Microcontroller-FinalProject\EWARM\pwmtry\Obj\stm32f4xx_hal_tim_ex.o"
#        "L:\Classes\MicroProcessor
#        Apps\Projects\ThatMemeyBoi\Microcontroller-FinalProject\EWARM\pwmtry\Obj\stm32f4xx_hal_timebase_tim.o"
#        "L:\Classes\MicroProcessor
#        Apps\Projects\ThatMemeyBoi\Microcontroller-FinalProject\EWARM\pwmtry\Obj\stm32f4xx_it.o"
#        "L:\Classes\MicroProcessor
#        Apps\Projects\ThatMemeyBoi\Microcontroller-FinalProject\EWARM\pwmtry\Obj\system_stm32f4xx.o"
#        --redirect _Printf=_PrintfFull --redirect _Scanf=_ScanfFull
#        --no_out_extension -o "L:\Classes\MicroProcessor
#        Apps\Projects\ThatMemeyBoi\Microcontroller-FinalProject\EWARM\pwmtry\Exe\pwmtry.out"
#        --map "L:\Classes\MicroProcessor
#        Apps\Projects\ThatMemeyBoi\Microcontroller-FinalProject\EWARM\pwmtry\List\pwmtry.map"
#        --config "L:\Classes\MicroProcessor
#        Apps\Projects\ThatMemeyBoi\Microcontroller-FinalProject\EWARM/stm32f429xx_flash.icf"
#        --semihosting --entry __iar_program_start --redirect
#        __write=__write_buffered --redirect
#        __iar_sh_stdout=__iar_sh_stdout_swo --vfe --text_out locale)
#
###############################################################################

*******************************************************************************
*** RUNTIME MODEL ATTRIBUTES
***

CppFlavor       = *
__Heap_Handler  = Basic
__SystemLibrary = DLib
__dlib_version  = 6


*******************************************************************************
*** HEAP SELECTION
***

The basic heap was selected because some modules are built with
size limitations (and not runtime checking), and --advanced_heap
was not specified.


*******************************************************************************
*** PLACEMENT SUMMARY
***

"A0":  place at 0x800'0000 { ro section .intvec };
"P1":  place in [from 0x800'0000 to 0x81f'ffff] { ro };
define block CSTACK with size = 1K, alignment = 8 { };
define block HEAP with size = 512, alignment = 8 { };
"P2":  place in [from 0x2000'0000 to 0x2002'ffff] {
          rw, block CSTACK, block HEAP };
initialize by copy { rw };

  Section            Kind         Address    Size  Object
  -------            ----         -------    ----  ------
"A0":                                       0x1ac
  .intvec            ro code   0x800'0000   0x1ac  startup_stm32f429xx.o [1]
                             - 0x800'01ac   0x1ac

"P1":                                      0x4528
  .text              ro code   0x800'01ac   0xf46  xprintffull.o [2]
  .text              ro code   0x800'10f2    0x7a  lz77_init_single.o [4]
  .text              ro code   0x800'116c    0x78  xlocale_c.o [2]
  .text              ro code   0x800'11e4    0x16  strchr.o [4]
  .text              ro code   0x800'11fa    0x3a  zero_init3.o [4]
  .text              ro code   0x800'1234    0x40  xfail_s.o [2]
  .text              ro code   0x800'1274    0x36  strlen.o [4]
  .text              ro code   0x800'12aa    0x1e  xencoding_8859_1.o [2]
  .text              ro code   0x800'12c8    0x58  memchr.o [4]
  .text              ro code   0x800'1320     0xa  xmbcurmax.o [2]
  .text              ro code   0x800'132c    0xa6  ABImemcpy.o [4]
  .text              ro code   0x800'13d4   0x106  I64DivMod_small.o [4]
  .text              ro code   0x800'14dc   0x1a2  DblMul.o [3]
  .text              ro code   0x800'1680    0x70  frexp.o [3]
  .text              ro code   0x800'16f0    0x2e  DblCmpLe.o [3]
  .text              ro code   0x800'1720    0x2e  DblCmpGe.o [3]
  .text              ro code   0x800'1750   0x13a  ldexp.o [3]
  .text              ro code   0x800'188c    0x3a  DblToS32.o [3]
  .text              ro code   0x800'18c8    0x22  S32ToDbl.o [3]
  .text              ro code   0x800'18ec    0xe2  DblSub.o [3]
  .text              ro code   0x800'19d0   0x246  DblDiv.o [3]
  .text              ro code   0x800'1c18    0x28  DblToU32.o [3]
  .text              ro code   0x800'1c40    0x1a  U32ToDbl.o [3]
  .text              ro code   0x800'1c5a     0x6  abort.o [2]
  .text              ro code   0x800'1c60     0x2  I64DivZer.o [4]
  .text              ro code   0x800'1c64   0x17a  DblAdd.o [3]
  .text              ro code   0x800'1de0    0x14  exit.o [5]
  .text              ro code   0x800'1df4   0xa68  main.o [1]
  .text              ro code   0x800'285c    0x28  stm32f4xx_hal.o [1]
  .text              ro code   0x800'2884   0x21e  stm32f4xx_hal_gpio.o [1]
  .text              ro code   0x800'2aa4    0x34  stm32f4xx_hal.o [1]
  .text              ro code   0x800'2ad8     0x6  ABImemclr4.o [4]
  .text              ro code   0x800'2ae0   0x6f4  stm32f4xx_hal_tim.o [1]
  .text              ro code   0x800'31d4    0x4a  stm32f4xx_hal_tim_ex.o [1]
  .text              ro code   0x800'3220   0x130  stm32f4xx_hal_msp.o [1]
  .text              ro code   0x800'3350    0x28  printf.o [2]
  .text              ro code   0x800'3378   0x2f8  stm32f4xx_hal_rcc.o [1]
  .text              ro code   0x800'3670    0x78  stm32f4xx_hal_pwr_ex.o [1]
  .text              ro code   0x800'36e8   0x1d0  stm32f4xx_hal_rcc.o [1]
  .text              ro code   0x800'38b8    0x98  stm32f4xx_hal_cortex.o [1]
  .text              ro code   0x800'3950    0x10  stm32f4xx_hal.o [1]
  .text              ro code   0x800'3960     0xc  stm32f4xx_hal.o [1]
  .text              ro code   0x800'396c    0x7c  stm32f4xx_hal_timebase_tim.o [1]
  .text              ro code   0x800'39e8    0x32  ABImemset48.o [4]
  .text              ro code   0x800'3a1a     0x2  stm32f4xx_hal_tim.o [1]
  .text              ro code   0x800'3a1c     0x2  stm32f4xx_hal_tim.o [1]
  .text              ro code   0x800'3a1e     0x2  stm32f4xx_hal_tim_ex.o [1]
  .text              ro code   0x800'3a20     0x2  stm32f4xx_hal_tim.o [1]
  .text              ro code   0x800'3a22     0x2  stm32f4xx_hal_tim_ex.o [1]
  .text              ro code   0x800'3a24     0x2  stm32f4xx_hal_tim.o [1]
  .text              ro code   0x800'3a28   0x140  heap0.o [2]
  .text              ro code   0x800'3b68    0x2c  xgetmemchunk.o [2]
  .text              ro code   0x800'3b94   0x120  stm32f4xx_it.o [1]
  .text              ro code   0x800'3cb4    0xd8  xfspos.o [2]
  .text              ro code   0x800'3d8c    0xac  fflush.o [2]
  .text              ro code   0x800'3e38     0xc  xfgpos.o [2]
  .text              ro code   0x800'3e44    0x4a  lseek.o [5]
  .text              ro code   0x800'3e90    0xbc  xxwritebuffered.o [2]
  .text              ro code   0x800'3f4c    0xcc  XShHandles.o [2]
  .text              ro code   0x800'4018    0x1e  dwrite.o [5]
  .text              ro code   0x800'4038    0x50  iarwstdswo.o [5]
  .text              ro code   0x800'4088    0x22  iarwrite.o [5]
  .text              ro code   0x800'40aa    0xb4  xfwprep.o [2]
  .text              ro code   0x800'415e    0x24  fseek.o [2]
  .text              ro code   0x800'4184    0x8c  xfofind.o [2]
  .text              ro code   0x800'4210     0x4  heaptramp0.o [2]
  .text              ro code   0x800'4214    0x7e  fclose.o [2]
  .text              ro code   0x800'4292    0x18  close.o [5]
  .text              ro code   0x800'42aa    0x14  remove.o [5]
  .text              ro code   0x800'42c0    0x60  system_stm32f4xx.o [1]
  .text              ro code   0x800'4320    0x54  fputc.o [2]
  .text              ro code   0x800'4374    0x3c  xcloseall.o [2]
  .text              ro code   0x800'43b0    0x28  data_init.o [4]
  .rodata            const     0x800'43d8    0x24  main.o [1]
  .rodata            const     0x800'43fc    0x24  stm32f4xx_it.o [1]
  .text              ro code   0x800'4420    0x22  fpinit_M.o [3]
  .iar.init_table    const     0x800'4444    0x20  - Linker created -
  .text              ro code   0x800'4464    0x1e  cmain.o [4]
  .text              ro code   0x800'4482     0x4  low_level_init.o [2]
  .text              ro code   0x800'4486     0x4  exit.o [2]
  .text              ro code   0x800'448c     0xe  cexit.o [4]
  .text              ro code   0x800'449a    0x16  xprout.o [2]
  .text              ro code   0x800'44b0     0xc  putchar.o [2]
  .text              ro code   0x800'44bc    0x10  startup_stm32f429xx.o [1]
  .text              ro code   0x800'44cc     0xc  cstartup_M.o [4]
  .rodata            const     0x800'44d8     0x8  system_stm32f4xx.o [1]
  .rodata            const     0x800'44e0     0x6  xlocale_c.o [2]
  .text              ro code   0x800'44e6     0x4  startup_stm32f429xx.o [1]
  .text              ro code   0x800'44ea     0x4  startup_stm32f429xx.o [1]
  .text              ro code   0x800'44ee     0x4  startup_stm32f429xx.o [1]
  .text              ro code   0x800'44f2     0x4  startup_stm32f429xx.o [1]
  .text              ro code   0x800'44f6     0x4  startup_stm32f429xx.o [1]
  .text              ro code   0x800'44fa     0x4  startup_stm32f429xx.o [1]
  .text              ro code   0x800'44fe     0x4  startup_stm32f429xx.o [1]
  .text              ro code   0x800'4502     0x4  startup_stm32f429xx.o [1]
  .text              ro code   0x800'4506     0x4  startup_stm32f429xx.o [1]
  .text              ro code   0x800'450a     0x4  startup_stm32f429xx.o [1]
  .text              ro code   0x800'450e     0x4  startup_stm32f429xx.o [1]
  .text              ro code   0x800'4512     0x4  startup_stm32f429xx.o [1]
  .text              ro code   0x800'4516     0x4  startup_stm32f429xx.o [1]
  .text              ro code   0x800'451a     0x4  startup_stm32f429xx.o [1]
  .text              ro code   0x800'451e     0x4  startup_stm32f429xx.o [1]
  .text              ro code   0x800'4522     0x4  startup_stm32f429xx.o [1]
  .text              ro code   0x800'4526     0x4  startup_stm32f429xx.o [1]
  .text              ro code   0x800'452a     0x4  startup_stm32f429xx.o [1]
  .text              ro code   0x800'452e     0x4  startup_stm32f429xx.o [1]
  .text              ro code   0x800'4532     0x4  startup_stm32f429xx.o [1]
  .text              ro code   0x800'4536     0x4  startup_stm32f429xx.o [1]
  .text              ro code   0x800'453a     0x4  startup_stm32f429xx.o [1]
  .text              ro code   0x800'453e     0x4  startup_stm32f429xx.o [1]
  .text              ro code   0x800'4542     0x4  startup_stm32f429xx.o [1]
  .text              ro code   0x800'4546     0x4  startup_stm32f429xx.o [1]
  .text              ro code   0x800'454a     0x4  startup_stm32f429xx.o [1]
  .text              ro code   0x800'454e     0x4  startup_stm32f429xx.o [1]
  .text              ro code   0x800'4552     0x4  startup_stm32f429xx.o [1]
  .text              ro code   0x800'4556     0x4  startup_stm32f429xx.o [1]
  .text              ro code   0x800'455a     0x4  startup_stm32f429xx.o [1]
  .text              ro code   0x800'455e     0x4  startup_stm32f429xx.o [1]
  .text              ro code   0x800'4562     0x4  startup_stm32f429xx.o [1]
  .text              ro code   0x800'4566     0x4  startup_stm32f429xx.o [1]
  .text              ro code   0x800'456a     0x4  startup_stm32f429xx.o [1]
  .text              ro code   0x800'456e     0x4  startup_stm32f429xx.o [1]
  .text              ro code   0x800'4572     0x4  startup_stm32f429xx.o [1]
  .text              ro code   0x800'4576     0x4  startup_stm32f429xx.o [1]
  .text              ro code   0x800'457a     0x4  startup_stm32f429xx.o [1]
  .text              ro code   0x800'457e     0x4  startup_stm32f429xx.o [1]
  .text              ro code   0x800'4582     0x4  startup_stm32f429xx.o [1]
  .text              ro code   0x800'4586     0x4  startup_stm32f429xx.o [1]
  .text              ro code   0x800'458a     0x4  startup_stm32f429xx.o [1]
  .text              ro code   0x800'458e     0x4  startup_stm32f429xx.o [1]
  .text              ro code   0x800'4592     0x4  startup_stm32f429xx.o [1]
  .text              ro code   0x800'4596     0x4  startup_stm32f429xx.o [1]
  .text              ro code   0x800'459a     0x4  startup_stm32f429xx.o [1]
  .text              ro code   0x800'459e     0x4  startup_stm32f429xx.o [1]
  .text              ro code   0x800'45a2     0x4  startup_stm32f429xx.o [1]
  .text              ro code   0x800'45a6     0x4  startup_stm32f429xx.o [1]
  .text              ro code   0x800'45aa     0x4  startup_stm32f429xx.o [1]
  .text              ro code   0x800'45ae     0x4  startup_stm32f429xx.o [1]
  .text              ro code   0x800'45b2     0x4  startup_stm32f429xx.o [1]
  .text              ro code   0x800'45b6     0x4  startup_stm32f429xx.o [1]
  .text              ro code   0x800'45ba     0x4  startup_stm32f429xx.o [1]
  .text              ro code   0x800'45be     0x4  startup_stm32f429xx.o [1]
  .text              ro code   0x800'45c2     0x4  startup_stm32f429xx.o [1]
  .text              ro code   0x800'45c6     0x4  startup_stm32f429xx.o [1]
  .text              ro code   0x800'45ca     0x4  startup_stm32f429xx.o [1]
  .text              ro code   0x800'45ce     0x4  startup_stm32f429xx.o [1]
  .text              ro code   0x800'45d2     0x4  startup_stm32f429xx.o [1]
  .text              ro code   0x800'45d6     0x4  startup_stm32f429xx.o [1]
  .text              ro code   0x800'45da     0x4  startup_stm32f429xx.o [1]
  .text              ro code   0x800'45de     0x4  startup_stm32f429xx.o [1]
  .text              ro code   0x800'45e2     0x4  startup_stm32f429xx.o [1]
  .text              ro code   0x800'45e6     0x4  startup_stm32f429xx.o [1]
  .text              ro code   0x800'45ea     0x4  startup_stm32f429xx.o [1]
  .text              ro code   0x800'45ee     0x4  startup_stm32f429xx.o [1]
  .text              ro code   0x800'45f2     0x4  startup_stm32f429xx.o [1]
  .text              ro code   0x800'45f6     0x4  startup_stm32f429xx.o [1]
  .text              ro code   0x800'45fa     0x4  startup_stm32f429xx.o [1]
  .text              ro code   0x800'45fe     0x4  startup_stm32f429xx.o [1]
  .text              ro code   0x800'4602     0x4  startup_stm32f429xx.o [1]
  .text              ro code   0x800'4606     0x4  startup_stm32f429xx.o [1]
  .text              ro code   0x800'460a     0x4  startup_stm32f429xx.o [1]
  .text              ro code   0x800'460e     0x4  startup_stm32f429xx.o [1]
  .text              ro code   0x800'4612     0x4  startup_stm32f429xx.o [1]
  .text              ro code   0x800'4616     0x4  startup_stm32f429xx.o [1]
  .text              ro code   0x800'461a     0x4  startup_stm32f429xx.o [1]
  .text              ro code   0x800'461e     0x4  startup_stm32f429xx.o [1]
  .text              ro code   0x800'4622     0x4  startup_stm32f429xx.o [1]
  .text              ro code   0x800'4626     0x4  startup_stm32f429xx.o [1]
  .text              ro code   0x800'462a     0x4  startup_stm32f429xx.o [1]
  .text              ro code   0x800'462e     0x4  startup_stm32f429xx.o [1]
  .text              ro code   0x800'4632     0x4  startup_stm32f429xx.o [1]
  .text              ro code   0x800'4636     0x4  startup_stm32f429xx.o [1]
  .text              ro code   0x800'463a     0x4  startup_stm32f429xx.o [1]
  .text              ro code   0x800'463e     0x4  startup_stm32f429xx.o [1]
  .text              ro code   0x800'4644     0x0  cstart_closeall.o [4]
  .rodata            const     0x800'4644     0x0  zero_init3.o [4]
  .rodata            const     0x800'4644     0x0  lz77_init_single.o [4]
  Initializer bytes  const     0x800'4644    0x90  <for P2-1>
                             - 0x800'46d4  0x4528

"P2", part 1 of 3:                          0x18c
  P2-1                        0x2000'0000   0x18c  <Init block>
    .data            inited   0x2000'0000     0x4  main.o [1]
    .data            inited   0x2000'0004     0xc  stm32f4xx_hal.o [1]
    .data            inited   0x2000'0010     0x4  system_stm32f4xx.o [1]
    .data            inited   0x2000'0014    0x38  xlocale_c.o [2]
    .data            inited   0x2000'004c    0x48  xlocale_c.o [2]
    .data            inited   0x2000'0094    0x48  xfiles.o [2]
    .data            inited   0x2000'00dc    0x48  xfiles.o [2]
    .data            inited   0x2000'0124    0x48  xfiles.o [2]
    .data            inited   0x2000'016c    0x20  xfiles.o [2]
                            - 0x2000'018c   0x18c

"P2", part 2 of 3:                          0x268
  .bss               zero     0x2000'018c    0x80  XShHandles.o [2]
  .bss               zero     0x2000'020c    0x78  main.o [1]
  .bss               zero     0x2000'0284    0x54  xxwritebuffered.o [2]
  .bss               zero     0x2000'02d8    0x50  xfiles.o [2]
  .bss               zero     0x2000'0328    0x50  xfiles.o [2]
  .bss               zero     0x2000'0378    0x3c  stm32f4xx_hal_timebase_tim.o [1]
  .bss               zero     0x2000'03b8     0xc  stm32f4xx_it.o [1]
  .bss               zero     0x2000'03c4     0x4  xfail_s.o [2]
  .bss               zero     0x2000'03c8     0x8  main.o [1]
  .bss               zero     0x2000'03d0     0x8  main.o [1]
  .bss               zero     0x2000'03d8     0x8  main.o [1]
  .bss               zero     0x2000'03e0     0x8  main.o [1]
  .bss               zero     0x2000'03e8     0x8  heap0.o [2]
  .bss               zero     0x2000'03f0     0x4  xgetmemchunk.o [2]
                            - 0x2000'03f4   0x268

"P2", part 3 of 3:                          0x600
  CSTACK                      0x2000'03f8   0x400  <Block>
    CSTACK           uninit   0x2000'03f8   0x400  <Block tail>
  HEAP                        0x2000'07f8   0x200  <Block>
    HEAP             uninit   0x2000'07f8   0x200  <Block tail>
                            - 0x2000'09f8   0x600

Unused ranges:

         From           To       Size
         ----           --       ----
   0x800'46d4   0x81f'ffff  0x1f'b92c
  0x2000'03f4  0x2000'03f7        0x4
  0x2000'09f8  0x2002'ffff   0x2'f608


*******************************************************************************
*** INIT TABLE
***

          Address      Size
          -------      ----
Zero (__iar_zero_init3)
    1 destination range, total size 0x268:
          0x2000'018c  0x268

Copy/lz77 (__iar_lz77_init_single3)
    1 source range, total size 0x90 (36% of destination):
           0x800'4644   0x90
    1 destination range, total size 0x18c:
          0x2000'0000  0x18c



*******************************************************************************
*** MODULE SUMMARY
***

    Module                        ro code  ro data  rw data
    ------                        -------  -------  -------
command line/config:
    -------------------------------------------------------
    Total:

L:\Classes\MicroProcessor Apps\Projects\ThatMemeyBoi\Microcontroller-FinalProject\EWARM\pwmtry\Obj: [1]
    main.o                          2 664       37      156
    startup_stm32f429xx.o             792
    stm32f4xx_hal.o                   120        4       12
    stm32f4xx_hal_cortex.o            152
    stm32f4xx_hal_gpio.o              542
    stm32f4xx_hal_msp.o               304
    stm32f4xx_hal_pwr_ex.o            120
    stm32f4xx_hal_rcc.o             1 224
    stm32f4xx_hal_tim.o             1 788
    stm32f4xx_hal_tim_ex.o             78
    stm32f4xx_hal_timebase_tim.o      124                60
    stm32f4xx_it.o                    288       36       12
    system_stm32f4xx.o                 96       10        4
    -------------------------------------------------------
    Total:                          8 292       87      244

dl7M_tlf.a: [2]
    XShHandles.o                      204               128
    abort.o                             6
    exit.o                              4
    fclose.o                          126
    fflush.o                          172
    fputc.o                            84
    fseek.o                            36
    heap0.o                           320                 8
    heaptramp0.o                        4
    low_level_init.o                    4
    printf.o                           40
    putchar.o                          12
    xcloseall.o                        60
    xencoding_8859_1.o                 30
    xfail_s.o                          64                 4
    xfgpos.o                           12
    xfiles.o                                    91      408
    xfofind.o                         140
    xfspos.o                          216
    xfwprep.o                         180
    xgetmemchunk.o                     44                 4
    xlocale_c.o                       120       52      128
    xmbcurmax.o                        10
    xprintffull.o                   3 910
    xprout.o                           22
    xxwritebuffered.o                 188                84
    -------------------------------------------------------
    Total:                          6 008      143      764

m7M_tls.a: [3]
    DblAdd.o                          378
    DblCmpGe.o                         46
    DblCmpLe.o                         46
    DblDiv.o                          582
    DblMul.o                          418
    DblSub.o                          226
    DblToS32.o                         58
    DblToU32.o                         40
    S32ToDbl.o                         34
    U32ToDbl.o                         26
    fpinit_M.o                         34
    frexp.o                           112
    ldexp.o                           314
    -------------------------------------------------------
    Total:                          2 314

rt7M_tl.a: [4]
    ABImemclr4.o                        6
    ABImemcpy.o                       166
    ABImemset48.o                      50
    I64DivMod_small.o                 262
    I64DivZer.o                         2
    cexit.o                            14
    cmain.o                            30
    cstart_closeall.o
    cstartup_M.o                       12
    data_init.o                        40
    lz77_init_single.o                122
    memchr.o                           88
    strchr.o                           22
    strlen.o                           54
    zero_init3.o                       58
    -------------------------------------------------------
    Total:                            926

shb_l.a: [5]
    close.o                            24
    dwrite.o                           30
    exit.o                             20
    iarwrite.o                         34
    iarwstdswo.o                       80
    lseek.o                            74
    remove.o                           20
    -------------------------------------------------------
    Total:                            282

    Gaps                               46        2        4
    Linker created                              32    1 536
-----------------------------------------------------------
    Grand Total:                   17 868      264    2 548


*******************************************************************************
*** ENTRY LIST
***

Entry                       Address   Size  Type      Object
-----                       -------   ----  ----      ------
.iar.init_table$$Base    0x800'4444          --   Gb  - Linker created -
.iar.init_table$$Limit   0x800'4464          --   Gb  - Linker created -
?main                    0x800'4465         Code  Gb  cmain.o [4]
AHBPrescTable            0x800'4310   0x10  Data  Gb  system_stm32f4xx.o [1]
APBPrescTable            0x800'44d8    0x8  Data  Gb  system_stm32f4xx.o [1]
Aldata                  0x2000'03e8    0x8  Data  Lc  heap0.o [2]
BusFault_Handler         0x800'3b9b    0x2  Code  Gb  stm32f4xx_it.o [1]
CSTACK$$Base            0x2000'03f8          --   Gb  - Linker created -
CSTACK$$Limit           0x2000'07f8          --   Gb  - Linker created -
CacheMore                0x800'1171   0x24  Code  Lc  xlocale_c.o [2]
DebugMon_Handler         0x800'3ba1    0x2  Code  Gb  stm32f4xx_it.o [1]
EXTI15_10_IRQHandler     0x800'3c21   0x38  Code  Gb  stm32f4xx_it.o [1]
HAL_Delay                0x800'285d   0x28  Code  Wk  stm32f4xx_hal.o [1]
HAL_GPIO_EXTI_IRQHandler
                         0x800'2a59   0x10  Code  Gb  stm32f4xx_hal_gpio.o [1]
HAL_GPIO_Init            0x800'2885  0x1b8  Code  Gb  stm32f4xx_hal_gpio.o [1]
HAL_GPIO_ReadPin         0x800'2a3d    0xc  Code  Gb  stm32f4xx_hal_gpio.o [1]
HAL_GPIO_TogglePin       0x800'2a51    0x8  Code  Gb  stm32f4xx_hal_gpio.o [1]
HAL_GPIO_WritePin        0x800'2a49    0x8  Code  Gb  stm32f4xx_hal_gpio.o [1]
HAL_GetTick              0x800'3961    0xc  Code  Wk  stm32f4xx_hal.o [1]
HAL_IncTick              0x800'3951   0x10  Code  Wk  stm32f4xx_hal.o [1]
HAL_Init                 0x800'2aa5   0x30  Code  Gb  stm32f4xx_hal.o [1]
HAL_InitTick             0x800'396d   0x6c  Code  Gb  stm32f4xx_hal_timebase_tim.o [1]
HAL_MspInit              0x800'3221   0x38  Code  Gb  stm32f4xx_hal_msp.o [1]
HAL_NVIC_EnableIRQ       0x800'3927    0xa  Code  Gb  stm32f4xx_hal_cortex.o [1]
HAL_NVIC_SetPriority     0x800'38ed   0x3a  Code  Gb  stm32f4xx_hal_cortex.o [1]
HAL_NVIC_SetPriorityGrouping
                         0x800'38d3   0x1a  Code  Gb  stm32f4xx_hal_cortex.o [1]
HAL_PWREx_EnableOverDrive
                         0x800'3671   0x48  Code  Gb  stm32f4xx_hal_pwr_ex.o [1]
HAL_RCC_ClockConfig      0x800'36e9   0xfe  Code  Gb  stm32f4xx_hal_rcc.o [1]
HAL_RCC_GetClockConfig   0x800'3809   0x36  Code  Gb  stm32f4xx_hal_rcc.o [1]
HAL_RCC_GetPCLK1Freq     0x800'37f3   0x10  Code  Gb  stm32f4xx_hal_rcc.o [1]
HAL_RCC_OscConfig        0x800'3379  0x2f8  Code  Wk  stm32f4xx_hal_rcc.o [1]
HAL_TIMEx_BreakCallback
                         0x800'3a1f    0x2  Code  Wk  stm32f4xx_hal_tim_ex.o [1]
HAL_TIMEx_CommutationCallback
                         0x800'3a23    0x2  Code  Wk  stm32f4xx_hal_tim_ex.o [1]
HAL_TIMEx_MasterConfigSynchronization
                         0x800'31d5   0x4a  Code  Gb  stm32f4xx_hal_tim_ex.o [1]
HAL_TIM_Base_Init        0x800'2ae1   0x1a  Code  Gb  stm32f4xx_hal_tim.o [1]
HAL_TIM_Base_Start_IT    0x800'2afb   0x16  Code  Gb  stm32f4xx_hal_tim.o [1]
HAL_TIM_IC_ConfigChannel
                         0x800'2d45   0xf0  Code  Gb  stm32f4xx_hal_tim.o [1]
HAL_TIM_IC_Init          0x800'2bc1   0x1a  Code  Gb  stm32f4xx_hal_tim.o [1]
HAL_TIM_IC_MspInit       0x800'3259   0x66  Code  Gb  stm32f4xx_hal_msp.o [1]
HAL_TIM_IC_Start_IT      0x800'2beb    0xa  Code  Gb  stm32f4xx_hal_tim.o [1]
HAL_TIM_IRQHandler       0x800'2bfd  0x142  Code  Gb  stm32f4xx_hal_tim.o [1]
HAL_TIM_MspPostInit      0x800'32e5   0x42  Code  Gb  stm32f4xx_hal_msp.o [1]
HAL_TIM_PWM_ConfigChannel
                         0x800'2e35   0xbc  Code  Gb  stm32f4xx_hal_tim.o [1]
HAL_TIM_PWM_Init         0x800'2b3b   0x1a  Code  Gb  stm32f4xx_hal_tim.o [1]
HAL_TIM_PWM_MspInit      0x800'32bf   0x26  Code  Gb  stm32f4xx_hal_msp.o [1]
HAL_TIM_PWM_Start        0x800'2b55   0x14  Code  Gb  stm32f4xx_hal_tim.o [1]
HAL_TIM_PeriodElapsedCallback
                         0x800'267d    0xe  Code  Gb  main.o [1]
HEAP$$Base              0x2000'07f8          --   Gb  - Linker created -
HEAP$$Limit             0x2000'09f8          --   Gb  - Linker created -
HardFault_Handler        0x800'3b97    0x2  Code  Gb  stm32f4xx_it.o [1]
LCDdoProcess             0x800'1ebb    0xe  Code  Gb  main.o [1]
LCDstart                 0x800'1e8d   0x2e  Code  Gb  main.o [1]
LoadInt                  0x800'036f   0x7a  Code  Lc  xprintffull.o [2]
MX_GPIO_Init             0x800'2235  0x164  Code  Lc  main.o [1]
MemManage_Handler        0x800'3b99    0x2  Code  Gb  stm32f4xx_it.o [1]
NMI_Handler              0x800'3b95    0x2  Code  Gb  stm32f4xx_it.o [1]
NVIC_SetPriority         0x800'38b9   0x1a  Code  Lc  stm32f4xx_hal_cortex.o [1]
PendSV_Handler           0x800'3ba3    0x2  Code  Gb  stm32f4xx_it.o [1]
Region$$Table$$Base      0x800'4444          --   Gb  - Linker created -
Region$$Table$$Limit     0x800'4464          --   Gb  - Linker created -
SVC_Handler              0x800'3b9f    0x2  Code  Gb  stm32f4xx_it.o [1]
SysTick_Handler          0x800'3ba5    0xa  Code  Gb  stm32f4xx_it.o [1]
SystemClock_Config       0x800'219b   0x9a  Code  Gb  main.o [1]
SystemCoreClock         0x2000'0010    0x4  Data  Gb  system_stm32f4xx.o [1]
SystemInit               0x800'42c1   0x3a  Code  Gb  system_stm32f4xx.o [1]
TIM2_IRQHandler          0x800'3baf   0x70  Code  Gb  stm32f4xx_it.o [1]
TIM7_IRQHandler          0x800'3c59    0x6  Code  Gb  stm32f4xx_it.o [1]
TIM_Base_SetConfig       0x800'2f2b   0x8e  Code  Gb  stm32f4xx_hal_tim.o [1]
TIM_CCxChannelCmd        0x800'3073   0x14  Code  Gb  stm32f4xx_hal_tim.o [1]
TIM_OC1_SetConfig        0x800'3087   0x50  Code  Lc  stm32f4xx_hal_tim.o [1]
TIM_OC2_SetConfig        0x800'3019   0x58  Code  Gb  stm32f4xx_hal_tim.o [1]
TIM_OC3_SetConfig        0x800'30d7   0x56  Code  Lc  stm32f4xx_hal_tim.o [1]
TIM_OC4_SetConfig        0x800'312d   0x46  Code  Lc  stm32f4xx_hal_tim.o [1]
TIM_TI1_SetConfig        0x800'2fbb   0x5e  Code  Gb  stm32f4xx_hal_tim.o [1]
TIM_TI2_SetConfig        0x800'31a7   0x2c  Code  Lc  stm32f4xx_hal_tim.o [1]
UsageFault_Handler       0x800'3b9d    0x2  Code  Gb  stm32f4xx_it.o [1]
_Close_all               0x800'4375   0x3c  Code  Gb  xcloseall.o [2]
_Encoding_8859_1_Mbrlen
                         0x800'12bd    0x2  Code  Gb  xencoding_8859_1.o [2]
_Encoding_8859_1_Wctomb
                         0x800'12ab   0x12  Code  Gb  xencoding_8859_1.o [2]
_Files                  0x2000'016c   0x20  Data  Gb  xfiles.o [2]
_Fofree                  0x800'4185   0x86  Code  Gb  xfofind.o [2]
_Fspos                   0x800'3cb5   0xd8  Code  Gb  xfspos.o [2]
_Fwprep                  0x800'40ab   0xb4  Code  Gb  xfwprep.o [2]
_GenldFull               0x800'0dcd  0x274  Code  Lc  xprintffull.o [2]
_LdtobFull               0x800'09c9  0x3d6  Code  Lc  xprintffull.o [2]
_LitobFull               0x800'0879  0x10a  Code  Lc  xprintffull.o [2]
_Locale_lconv           0x2000'0014   0x38  Data  Lc  xlocale_c.o [2]
_Nnl                     0x800'3e39    0xc  Code  Gb  xfgpos.o [2]
_PrintfFull              0x800'01ad  0x1aa  Code  Gb  xprintffull.o [2]
_Prout                   0x800'449b   0x16  Code  Gb  xprout.o [2]
_PutcharsFull            0x800'1041   0x2e  Code  Lc  xprintffull.o [2]
_PutfldFull              0x800'03e9  0x2d4  Code  Lc  xprintffull.o [2]
_PutstrFull              0x800'07b3   0xc6  Code  Lc  xprintffull.o [2]
_PuttxtFull              0x800'06bd   0xf6  Code  Lc  xprintffull.o [2]
__aeabi_cdcmple          0x800'16f1         Code  Gb  DblCmpLe.o [3]
__aeabi_cdrcmple         0x800'1721         Code  Gb  DblCmpGe.o [3]
__aeabi_d2iz             0x800'188d         Code  Gb  DblToS32.o [3]
__aeabi_d2uiz            0x800'1c19         Code  Gb  DblToU32.o [3]
__aeabi_dadd             0x800'1c65         Code  Gb  DblAdd.o [3]
__aeabi_ddiv             0x800'19d1         Code  Gb  DblDiv.o [3]
__aeabi_dmul             0x800'14dd         Code  Gb  DblMul.o [3]
__aeabi_dsub             0x800'18ed         Code  Gb  DblSub.o [3]
__aeabi_i2d              0x800'18c9         Code  Gb  S32ToDbl.o [3]
__aeabi_ldiv0            0x800'1c61         Code  Gb  I64DivZer.o [4]
__aeabi_memclr4          0x800'2ad9         Code  Gb  ABImemclr4.o [4]
__aeabi_memcpy           0x800'132d         Code  Gb  ABImemcpy.o [4]
__aeabi_memcpy4          0x800'134d         Code  Gb  ABImemcpy.o [4]
__aeabi_memcpy8          0x800'134d         Code  Gb  ABImemcpy.o [4]
__aeabi_ui2d             0x800'1c41         Code  Gb  U32ToDbl.o [3]
__basic_free             0x800'3ad5   0x16  Code  Gb  heap0.o [2]
__basic_free_intern      0x800'3aeb   0x7a  Code  Lc  heap0.o [2]
__basic_malloc           0x800'3a29   0x18  Code  Gb  heap0.o [2]
__basic_malloc_intern    0x800'3a41   0x94  Code  Lc  heap0.o [2]
__cexit_closeall         0x800'448f         Code  Gb  cexit.o [4]
__close                  0x800'4293   0x18  Code  Gb  close.o [5]
__cmain                  0x800'4465         Code  Gb  cmain.o [4]
__cstart_closeall        0x800'4644         Data  Gb  cstart_closeall.o [4]
__data_GetMemChunk       0x800'3b69   0x2c  Code  Gb  xgetmemchunk.o [2]
__data_GetMemChunk::start
                        0x2000'03f0    0x4  Data  Lc  xgetmemchunk.o [2]
__dwrite                 0x800'4019   0x1e  Code  Gb  dwrite.o [5]
__exit                   0x800'1de1   0x14  Code  Gb  exit.o [5]
__iar_Fail_s             0x800'1235   0x1c  Code  Gb  xfail_s.o [2]
__iar_Mbcurmax           0x800'1321    0xa  Code  Gb  xmbcurmax.o [2]
__iar_Memchr             0x800'12c9         Code  Gb  memchr.o [4]
__iar_Memset4_word       0x800'39e9         Code  Gb  ABImemset48.o [4]
__iar_Memset8_word       0x800'39e9         Code  Gb  ABImemset48.o [4]
__iar_Stderr            0x2000'0124   0x48  Data  Gb  xfiles.o [2]
__iar_Stdin             0x2000'0094   0x48  Data  Gb  xfiles.o [2]
__iar_Stdout            0x2000'00dc   0x48  Data  Gb  xfiles.o [2]
__iar_Strchr             0x800'11e5         Code  Gb  strchr.o [4]
__iar_dadd               0x800'18fd         Code  Gb  DblSub.o [3]
__iar_data_init3         0x800'43b1   0x28  Code  Gb  data_init.o [4]
__iar_dsub               0x800'1c75         Code  Gb  DblAdd.o [3]
__iar_dsubStart          0x800'1c87         Code  Gb  DblAdd.o [3]
__iar_frexp              0x800'168d         Code  Gb  frexp.o [3]
__iar_frexpl             0x800'168d         Code  Gb  frexp.o [3]
__iar_globLocale        0x2000'004c   0x48  Data  Lc  xlocale_c.o [2]
__iar_global_Locale      0x800'116d    0x4  Code  Gb  xlocale_c.o [2]
__iar_init_vfp           0x800'4421         Code  Gb  fpinit_M.o [3]
__iar_ldexp64            0x800'1751         Code  Gb  ldexp.o [3]
__iar_lz77_init_single3
                         0x800'10f3   0x7a  Code  Gb  lz77_init_single.o [4]
__iar_program_start      0x800'44cd         Code  Gb  cstartup_M.o [4]
__iar_scalbln64          0x800'1751         Code  Gb  ldexp.o [3]
__iar_scalbn64           0x800'1751         Code  Gb  ldexp.o [3]
__iar_sh_Discard         0x800'3f4d   0x42  Code  Gb  XShHandles.o [2]
__iar_sh_Move            0x800'3f8f   0x46  Code  Gb  XShHandles.o [2]
__iar_sh_Pos             0x800'3fd5   0x3e  Code  Gb  XShHandles.o [2]
__iar_sh_stdout_swo      0x800'4039   0x50  Code  Gb  iarwstdswo.o [5]
__iar_sh_write           0x800'4089   0x22  Code  Gb  iarwrite.o [5]
__iar_small_uldivmod     0x800'13d5         Code  Gb  I64DivMod_small.o [4]
__iar_softfp___iar_frexp64
                         0x800'1681         Code  Gb  frexp.o [3]
__iar_softfp_frexp       0x800'1681         Code  Gb  frexp.o [3]
__iar_softfp_frexpl      0x800'1681         Code  Gb  frexp.o [3]
__iar_zero_init3         0x800'11fb   0x3a  Code  Gb  zero_init3.o [4]
__low_level_init         0x800'4483    0x4  Code  Gb  low_level_init.o [2]
__lseek                  0x800'3e45   0x4a  Code  Gb  lseek.o [5]
__vector_table           0x800'0000         Data  Gb  startup_stm32f429xx.o [1]
__write_buffered         0x800'3e91   0xbc  Code  Gb  xxwritebuffered.o [2]
_call_main               0x800'4471         Code  Gb  cmain.o [4]
_exit                    0x800'448d         Code  Gb  cexit.o [4]
_gLocale_mblen           0x800'11d1    0x4  Code  Gb  xlocale_c.o [2]
_gLocale_mblenInt        0x800'1195   0x2c  Code  Gb  xlocale_c.o [2]
_gLocale_wctomb          0x800'11d5    0x4  Code  Gb  xlocale_c.o [2]
_gLocale_wctombInt       0x800'11cd    0x4  Code  Gb  xlocale_c.o [2]
_main                    0x800'447f         Code  Gb  cmain.o [4]
abort                    0x800'1c5b    0x6  Code  Gb  abort.o [2]
backwardMotor            0x800'265b    0x8  Code  Lc  main.o [1]
command                  0x800'1df5    0xa  Code  Gb  main.o [1]
currPosInch             0x2000'03b8    0x8  Data  Gb  stm32f4xx_it.o [1]
doPWM                    0x800'23c5  0x256  Code  Lc  main.o [1]
ebuf                    0x2000'02d8   0x50  Data  Lc  xfiles.o [2]
edgeCount               0x2000'03c0    0x4  Data  Gb  stm32f4xx_it.o [1]
exit                     0x800'4487    0x4  Code  Gb  exit.o [2]
fall                    0x2000'03d8    0x8  Data  Gb  main.o [1]
fclose                   0x800'4215   0x7e  Code  Gb  fclose.o [2]
fflush                   0x800'3e01   0x34  Code  Gb  fflush.o [2]
fflushOne                0x800'3d8d   0x74  Code  Lc  fflush.o [2]
fputc                    0x800'4321   0x54  Code  Gb  fputc.o [2]
free                     0x800'4211    0x4  Code  Gb  heaptramp0.o [2]
freq                    0x2000'03d0    0x8  Data  Gb  main.o [1]
fseek                    0x800'415f   0x24  Code  Gb  fseek.o [2]
htim2                   0x2000'020c   0x3c  Data  Gb  main.o [1]
htim4                   0x2000'0248   0x3c  Data  Gb  main.o [1]
htim7                   0x2000'0378   0x3c  Data  Gb  stm32f4xx_hal_timebase_tim.o [1]
init                     0x800'1e3d   0x50  Code  Gb  main.o [1]
ldexp                    0x800'1751         Code  Gb  ldexp.o [3]
ldexpl                   0x800'1751         Code  Gb  ldexp.o [3]
localeconv               0x800'11d9    0x4  Code  Gb  xlocale_c.o [2]
main                     0x800'1ed9  0x28a  Code  Gb  main.o [1]
memchr                   0x800'12c9         Code  Gb  memchr.o [4]
obuf                    0x2000'0328   0x50  Data  Lc  xfiles.o [2]
period                  0x2000'03c8    0x8  Data  Gb  main.o [1]
printf                   0x800'3351   0x28  Code  Gb  printf.o [2]
putchar                  0x800'44b1    0xc  Code  Gb  putchar.o [2]
remove                   0x800'42ab   0x14  Code  Gb  remove.o [5]
rise                    0x2000'03e0    0x8  Data  Gb  main.o [1]
s                       0x2000'0000    0x4  Data  Gb  main.o [1]
sFileInfo               0x2000'018c   0x80  Data  Lc  XShHandles.o [2]
scalbln                  0x800'1751         Code  Gb  ldexp.o [3]
scalblnl                 0x800'1751         Code  Gb  ldexp.o [3]
scalbn                   0x800'1751         Code  Gb  ldexp.o [3]
scalbnl                  0x800'1751         Code  Gb  ldexp.o [3]
scale                    0x800'0983   0x46  Code  Lc  xprintffull.o [2]
sec_hand                0x2000'03c4    0x4  Data  Lc  xfail_s.o [2]
stopMotor                0x800'2663    0x6  Code  Lc  main.o [1]
store                   0x2000'0284   0x50  Data  Lc  xxwritebuffered.o [2]
storeLen                0x2000'02d4    0x4  Data  Lc  xxwritebuffered.o [2]
strchr                   0x800'11e5         Code  Gb  strchr.o [4]
strlen                   0x800'1275         Code  Gb  strlen.o [4]
uwTick                  0x2000'0008    0x4  Data  Gb  stm32f4xx_hal.o [1]
uwTickFreq              0x2000'0004    0x1  Data  Gb  stm32f4xx_hal.o [1]
uwTickPrio              0x2000'000c    0x4  Data  Gb  stm32f4xx_hal.o [1]
write                    0x800'1dff    0x8  Code  Gb  main.o [1]


[1] = L:\Classes\MicroProcessor Apps\Projects\ThatMemeyBoi\Microcontroller-FinalProject\EWARM\pwmtry\Obj
[2] = dl7M_tlf.a
[3] = m7M_tls.a
[4] = rt7M_tl.a
[5] = shb_l.a

  17 868 bytes of readonly  code memory
     264 bytes of readonly  data memory
   2 548 bytes of readwrite data memory

Errors: none
Warnings: none
